
> lab-locker@0.0.0 build
> vite build

[36mvite v8.0.16 [32mbuilding client environment for production...[36m[39m
[2K
transforming...Γ£ô 536 modules transformed.
rendering chunks...
node.exe : [31mΓ£ù[39m Build failed in 660ms
At line:1 char:1
+ & "C:\Program Files\nodejs/node.exe" "C:\Program Files\nodejs/node_mo ...
+ ~~~~~~~~~~~~~~~~~~~~~~~~~~~~~~~~~~~~~~~~~~~~~~~~~~~~~~~~~~~~~~~~~~~~~
    + CategoryInfo          : NotSpecified: ([31mΓ£ù[39m Build failed in 660ms:String) [], RemoteException
    + FullyQualifiedErrorId : NativeCommandError
 
[31merror during build:
[31mBuild failed with 1 error:

[31m[MISSING_EXPORT] [0m"useManageItemRequests" is not exported by 
"src/features/admin/hooks/useManageItemRequests.js".
   [38;5;246mΓò¡[0m[38;5;246mΓöÇ[0m[38;5;246m[[0m 
src/features/admin/pages/ManageNewItemRequests.jsx:2:10 [38;5;246m][0m
   [38;5;246mΓöé[0m
 [38;5;246m2 Γöé[0m 
[38;5;249mi[0m[38;5;249mm[0m[38;5;249mp[0m[38;5;249mo[0m[38;5;249mr[0m[38;5;249mt[0m[38;5;249m 
[0m[38;5;249m{[0m[38;5;249m [0museManageItemRequests[38;5;249m [0m[38;5;249m}[0m[38;5;249m 
[0m[38;5;249mf[0m[38;5;249mr[0m[38;5;249mo[0m[38;5;249mm[0m[38;5;249m [0m[38;5;249m"[0m[38;5;249
m.[0m[38;5;249m.[0m[38;5;249m/[0m[38;5;249mh[0m[38;5;249mo[0m[38;5;249mo[0m[38;5;249mk[0m[38;5;2
49ms[0m[38;5;249m/[0m[38;5;249mu[0m[38;5;249ms[0m[38;5;249me[0m[38;5;249mM[0m[38;5;249ma[0m[38;5
;249mn[0m[38;5;249ma[0m[38;5;249mg[0m[38;5;249me[0m[38;5;249mI[0m[38;5;249mt[0m[38;5;249me[0m[38
;5;249mm[0m[38;5;249mR[0m[38;5;249me[0m[38;5;249mq[0m[38;5;249mu[0m[38;5;249me[0m[38;5;249ms[0m[
38;5;249mt[0m[38;5;249ms[0m[38;5;249m"[0m[38;5;249m;[0m
 [38;5;240m  Γöé[0m          ΓöÇΓöÇΓöÇΓöÇΓöÇΓöÇΓöÇΓöÇΓöÇΓöÇΓö¼ΓöÇΓöÇΓöÇΓöÇΓöÇΓöÇΓöÇΓöÇΓöÇΓöÇ  
 [38;5;240m  Γöé[0m                    Γò░ΓöÇΓöÇΓöÇΓöÇΓöÇΓöÇΓöÇΓöÇΓöÇΓöÇΓöÇΓöÇ Missing export
[38;5;246mΓöÇΓöÇΓöÇΓò»[0m
[31m
    at aggregateBindingErrorsIntoJsError (file:///C:/Users/User/Downloads/lab-locker-main/lab-locker-main/node
_modules/rolldown/dist/shared/error-BuvQYXuZ.mjs:48:18)
    at unwrapBindingResult (file:///C:/Users/User/Downloads/lab-locker-main/lab-locker-main/node_modules/rolld
own/dist/shared/error-BuvQYXuZ.mjs:18:128)
    at #build (file:///C:/Users/User/Downloads/lab-locker-main/lab-locker-main/node_modules/rolldown/dist/shar
ed/rolldown-build-CrPk_lZe.mjs:3246:34)
    at async buildEnvironment (file:///C:/Users/User/Downloads/lab-locker-main/lab-locker-main/node_modules/vi
te/dist/node/chunks/node.js:33253:64)
    at async Object.build (file:///C:/Users/User/Downloads/lab-locker-main/lab-locker-main/node_modules/vite/d
ist/node/chunks/node.js:33675:19)
    at async Object.buildApp (file:///C:/Users/User/Downloads/lab-locker-main/lab-locker-main/node_modules/vit
e/dist/node/chunks/node.js:33672:153)
    at async CAC.<anonymous> 
(file:///C:/Users/User/Downloads/lab-locker-main/lab-locker-main/node_modules/vite/dist/node/cli.js:777:3) {
  errors: [Getter/Setter]
}[39m
